../Core/Src/main.c:22:6:MPU9250_Write	24	static
../Core/Src/main.c:31:6:MPU9250_Read	16	static
../Core/Src/main.c:39:6:MPU9250_Init	8	static
../Core/Src/main.c:46:6:MPU9250_Read_Accel	24	static
../Core/Src/main.c:59:6:MPU9250_Read_Gyro	24	static
../Core/Src/main.c:72:6:MPU9250_Read_Temp	16	static
../Core/Src/main.c:79:5:main	16	static
../Core/Src/main.c:93:6:SystemClock_Config	88	static
../Core/Src/main.c:134:13:MX_SPI1_Init	8	static
../Core/Src/main.c:154:13:MX_GPIO_Init	56	static
../Core/Src/main.c:289:6:Error_Handler	4	static,ignoring_inline_asm
